main.adb:27:04: warning: variable "S" is never read and never assigned
